2026-09-16 16:50:15.756: [INFO] CurrentProfilePath: C:\Users\miguelbedmards\Desktop\TresEnRaya\.metadata\.plugins\org.eclipse.swt\EBWebView\Default
2026-09-16 16:50:15.756: [INFO] Profiles total count: 1
2026-09-16 16:50:15.756: [INFO] Profile: name=Perfil 1 path=C:\Users\miguelbedmards\Desktop\TresEnRaya\.metadata\.plugins\org.eclipse.swt\EBWebView\Default lastActive=null
2026-09-16 16:50:15.756: [INFO] LastUsedProfileDir: C:\Users\miguelbedmards\Desktop\TresEnRaya\.metadata\.plugins\org.eclipse.swt\EBWebView\Default
2026-09-16 16:50:15.756: [INFO] OnDoneLoading sync enabled: 0
2026-09-16 16:50:15.756: [INFO] BookmarkModelLoaded, ids_reassigned: 0
2026-09-16 16:50:15.756: [INFO] BookmarksLoadDropped droppedNodes=0
2026-09-16 16:50:15.756: [INFO] BookmarksSnapshot Startup total=0 bar=0 other=0 mobile=0 showBar=0 showBarNTP=1
2026-09-16 16:50:22.015: [INFO] BookmarksSnapshot Shutdown total=0 bar=0 other=0 mobile=0 showBar=0 showBarNTP=1
2026-09-16 16:50:23.627: [INFO] CurrentProfilePath: C:\Users\miguelbedmards\Desktop\TresEnRaya\.metadata\.plugins\org.eclipse.swt\EBWebView\Default
2026-09-16 16:50:23.627: [INFO] Profiles total count: 1
2026-09-16 16:50:23.627: [INFO] Profile: name=Perfil 1 path=C:\Users\miguelbedmards\Desktop\TresEnRaya\.metadata\.plugins\org.eclipse.swt\EBWebView\Default lastActive=2026-09-16T16:50:17.903Z
2026-09-16 16:50:23.627: [INFO] LastUsedProfileDir: C:\Users\miguelbedmards\Desktop\TresEnRaya\.metadata\.plugins\org.eclipse.swt\EBWebView\Default
2026-09-16 16:50:23.627: [INFO] MostRecentlyActiveProfile: name=Perfil 1 path=C:\Users\miguelbedmards\Desktop\TresEnRaya\.metadata\.plugins\org.eclipse.swt\EBWebView\Default lastActive=2026-09-16T16:50:17.903Z
2026-09-16 16:50:23.627: [INFO] OnDoneLoading sync enabled: 0
2026-09-16 16:50:23.627: [INFO] BookmarkModelLoaded, ids_reassigned: 0
2026-09-16 16:50:23.627: [INFO] BookmarksLoadDropped droppedNodes=0
2026-09-16 16:50:23.627: [INFO] BookmarksSnapshot Startup total=0 bar=0 other=0 mobile=0 showBar=0 showBarNTP=1
2026-09-16 17:10:16.253: [INFO] BookmarksSnapshot Shutdown total=0 bar=0 other=0 mobile=0 showBar=0 showBarNTP=1
2026-09-16 17:22:17.561: [INFO] CurrentProfilePath: C:\Users\miguelbedmards\Desktop\TresEnRaya\.metadata\.plugins\org.eclipse.swt\EBWebView\Default
2026-09-16 17:22:17.561: [INFO] Profiles total count: 1
2026-09-16 17:22:17.561: [INFO] Profile: name=Perfil 1 path=C:\Users\miguelbedmards\Desktop\TresEnRaya\.metadata\.plugins\org.eclipse.swt\EBWebView\Default lastActive=2026-09-16T16:51:17.670Z
2026-09-16 17:22:17.561: [INFO] LastUsedProfileDir: C:\Users\miguelbedmards\Desktop\TresEnRaya\.metadata\.plugins\org.eclipse.swt\EBWebView\Default
2026-09-16 17:22:17.561: [INFO] MostRecentlyActiveProfile: name=Perfil 1 path=C:\Users\miguelbedmards\Desktop\TresEnRaya\.metadata\.plugins\org.eclipse.swt\EBWebView\Default lastActive=2026-09-16T16:51:17.670Z
2026-09-16 17:22:17.561: [INFO] OnDoneLoading sync enabled: 0
2026-09-16 17:22:17.561: [INFO] BookmarkModelLoaded, ids_reassigned: 0
2026-09-16 17:22:17.561: [INFO] BookmarksLoadDropped droppedNodes=0
2026-09-16 17:22:17.561: [INFO] BookmarksSnapshot Startup total=0 bar=0 other=0 mobile=0 showBar=0 showBarNTP=1
2026-09-16 18:17:06.637: [INFO] BookmarksSnapshot Shutdown total=0 bar=0 other=0 mobile=0 showBar=0 showBarNTP=1
2026-09-22 13:08:07.040: [INFO] CurrentProfilePath: C:\Users\miguelbedmards\Desktop\TresEnRaya\.metadata\.plugins\org.eclipse.swt\EBWebView\Default
2026-09-22 13:08:07.040: [INFO] Profiles total count: 1
2026-09-22 13:08:07.040: [INFO] Profile: name=Perfil 1 path=C:\Users\miguelbedmards\Desktop\TresEnRaya\.metadata\.plugins\org.eclipse.swt\EBWebView\Default lastActive=2026-09-16T16:51:17.670Z
2026-09-22 13:08:07.040: [INFO] LastUsedProfileDir: C:\Users\miguelbedmards\Desktop\TresEnRaya\.metadata\.plugins\org.eclipse.swt\EBWebView\Default
2026-09-22 13:08:07.040: [INFO] MostRecentlyActiveProfile: name=Perfil 1 path=C:\Users\miguelbedmards\Desktop\TresEnRaya\.metadata\.plugins\org.eclipse.swt\EBWebView\Default lastActive=2026-09-16T16:51:17.670Z
2026-09-22 13:08:07.040: [INFO] OnDoneLoading sync enabled: 0
2026-09-22 13:08:07.040: [INFO] BookmarkModelLoaded, ids_reassigned: 0
2026-09-22 13:08:07.040: [INFO] BookmarksLoadDropped droppedNodes=0
2026-09-22 13:08:07.040: [INFO] BookmarksSnapshot Startup total=0 bar=0 other=0 mobile=0 showBar=0 showBarNTP=1
2026-09-22 13:12:49.703: [INFO] BookmarksSnapshot Shutdown total=0 bar=0 other=0 mobile=0 showBar=0 showBarNTP=1
